// Jest Snapshot v1, https://goo.gl/fbAQLP

exports[`Provider component should render 1`] = `
ShallowWrapper {
  "complexSelector": ComplexSelector {
    "buildPredicate": [Function],
    "childrenOfNode": [Function],
    "findWhereUnwrapped": [Function],
  },
  "length": 1,
  "node": <span />,
  "nodes": Array [
    <span />,
  ],
  "options": Object {},
  "renderer": ReactShallowRenderer {
    "_instance": ShallowComponentWrapper {
      "_calledComponentWillUnmount": false,
      "_compositeType": 0,
      "_context": Object {},
      "_currentElement": <Provider
        createComponent={[Function]}
        initialState={
                Array [
                        0,
                        0,
                      ]
        }
        reducer={[Function]}
/>,
      "_debugID": 1,
      "_hostContainerInfo": null,
      "_hostParent": null,
      "_instance":  {
        "_reactInternalInstance": [Circular],
        "context": Object {},
        "enqueueMethod": [Function],
        "handleMethod": [Function],
        "props": Object {
          "createComponent": [Function],
          "initialState": Array [
            0,
            0,
          ],
          "reducer": [Function],
        },
        "refs": Object {},
        "self": [Function],
        "state": Object {
          "reasonState": Array [
            0,
            0,
          ],
          "reasonStateVersion": 1,
          "reasonStateVersionUsedToComputeSubelements": 1,
        },
        "transitionNextTotalState": [Function],
        "updateMethod": [Function],
        "updater": Object {
          "enqueueCallback": [Function],
          "enqueueCallbackInternal": [Function],
          "enqueueElementInternal": [Function],
          "enqueueForceUpdate": [Function],
          "enqueueReplaceState": [Function],
          "enqueueSetState": [Function],
          "isMounted": [Function],
          "validateCallback": [Function],
        },
      },
      "_mountOrder": 1,
      "_pendingCallbacks": null,
      "_pendingElement": null,
      "_pendingForceUpdate": false,
      "_pendingReplaceState": false,
      "_pendingStateQueue": null,
      "_renderedComponent": NoopInternalComponent {
        "_currentElement": <span />,
        "_debugID": 2,
        "_renderedOutput": <span />,
      },
      "_renderedNodeType": 0,
      "_rootNodeID": 0,
      "_topLevelWrapper": null,
      "_updateBatchNumber": null,
      "_warnedAboutRefsInRender": false,
    },
    "getRenderOutput": [Function],
    "render": [Function],
  },
  "root": [Circular],
  "unrendered": <Provider
    createComponent={[Function]}
    initialState={
        Array [
            0,
            0,
          ]
    }
    reducer={[Function]}
/>,
}
`;
